......F........
======================================================================
FAIL: test_index_route_restricted_operator (tests.test_web_app.TestWebApp.test_index_route_restricted_operator)
----------------------------------------------------------------------
Traceback (most recent call last):
  File "/usr/lib/python3.12/unittest/mock.py", line 1390, in patched
    return func(*newargs, **newkeywargs)
           ^^^^^^^^^^^^^^^^^^^^^^^^^^^^^
  File "/home/ebpowell/GIT_REPO/BeSeenDoorController/tests/test_web_app.py", line 106, in test_index_route_restricted_operator
    self.assertNotIn(b'Role Access Control', response.data)
AssertionError: b'Role Access Control' unexpectedly found in b'<!DOCTYPE html>\n<html lang="en">\n<head>\n    <meta charset="UTF-8">\n    <meta name="viewport" content="width=device-width, initial-scale=1.0">\n    <title>BeSeen Door Controller - Key Fobs</title>\n    <!-- Google Fonts: Inter & Outfit -->\n    <link rel="preconnect" href="https://fonts.googleapis.com">\n    <link rel="preconnect" href="https://fonts.gstatic.com" crossorigin>\n    <link href="https://fonts.googleapis.com/css2?family=Inter:wght@300;400;500;600;700&family=Outfit:wght@400;600;800&display=swap" rel="stylesheet">\n    \n    <style>\n        :root {\n            --bg-color: #0f111a;\n            --card-bg: rgba(22, 28, 45, 0.45);\n            --card-border: rgba(255, 255, 255, 0.08);\n            --text-primary: #f3f4f6;\n            --text-secondary: #9ca3af;\n            --primary: #6366f1;\n            --primary-glow: rgba(99, 102, 241, 0.35);\n            --secondary: #a855f7;\n            --secondary-glow: rgba(168, 85, 247, 0.35);\n            --danger: #ef4444;\n            --danger-glow: rgba(239, 68, 68, 0.3);\n            --success: #10b981;\n            --success-glow: rgba(16, 185, 129, 0.3);\n            --warning: #f59e0b;\n        }\n\n        * {\n            box-sizing: border-box;\n            margin: 0;\n            padding: 0;\n        }\n\n        body {\n            font-family: \'Inter\', sans-serif;\n            background-color: var(--bg-color);\n            color: var(--text-primary);\n            min-height: 100vh;\n            overflow-x: hidden;\n            background-image: \n                radial-gradient(circle at 10% 20%, rgba(99, 102, 241, 0.15) 0%, transparent 40%),\n                radial-gradient(circle at 90% 80%, rgba(168, 85, 247, 0.15) 0%, transparent 40%);\n            background-attachment: fixed;\n            padding: 2rem;\n        }\n\n        .container {\n            max-width: 1300px;\n            margin: 0 auto;\n        }\n\n        /* Header section */\n        header {\n            display: flex;\n            justify-content: space-between;\n            align-items: center;\n            margin-bottom: 2.5rem;\n            padding-bottom: 1.5rem;\n            border-bottom: 1px solid var(--card-border);\n            animation: fadeInDown 0.8s ease-out;\n        }\n\n        .logo-area {\n            display: flex;\n            align-items: center;\n            gap: 0.75rem;\n        }\n\n        .logo-dot {\n            width: 14px;\n            height: 14px;\n            border-radius: 50%;\n            background: linear-gradient(135deg, var(--primary), var(--secondary));\n            box-shadow: 0 0 15px var(--primary-glow);\n            position: relative;\n        }\n\n        .logo-dot::after {\n            content: \'\';\n            position: absolute;\n            top: -3px;\n            left: -3px;\n            right: -3px;\n            bottom: -3px;\n            border-radius: 50%;\n            border: 1px solid var(--primary);\n            animation: pulse 2s infinite;\n        }\n\n        h1 {\n            font-family: \'Outfit\', sans-serif;\n            font-size: 2.2rem;\n            font-weight: 800;\n            background: linear-gradient(135deg, #ffffff 40%, var(--text-secondary) 100%);\n            -webkit-background-clip: text;\n            -webkit-text-fill-color: transparent;\n            letter-spacing: -0.5px;\n        }\n\n        .status-badge {\n            background: rgba(16, 185, 129, 0.1);\n            border: 1px solid var(--success);\n            color: var(--success);\n            padding: 0.4rem 0.8rem;\n            border-radius: 50px;\n            font-size: 0.8rem;\n            font-weight: 600;\n            display: flex;\n            align-items: center;\n            gap: 0.4rem;\n            box-shadow: 0 0 10px var(--success-glow);\n        }\n\n        .status-dot {\n            width: 8px;\n            height: 8px;\n            background-color: var(--success);\n            border-radius: 50%;\n        }\n\n        .user-badge {\n            display: flex;\n            align-items: center;\n            gap: 0.75rem;\n            background: rgba(255, 255, 255, 0.04);\n            padding: 0.4rem 1rem;\n            border-radius: 8px;\n            border: 1px solid var(--card-border);\n        }\n\n        .user-role {\n            font-size: 0.75rem;\n            background: var(--secondary);\n            color: white;\n            padding: 0.1rem 0.4rem;\n            border-radius: 4px;\n            font-weight: 700;\n            text-transform: uppercase;\n        }\n\n        .logout-btn {\n            background: transparent;\n            border: none;\n            color: var(--danger);\n            cursor: pointer;\n            font-size: 0.85rem;\n            font-weight: 600;\n            padding: 0 0.2rem;\n            transition: opacity 0.2s ease;\n        }\n\n        .logout-btn:hover {\n            opacity: 0.8;\n        }\n\n        /* Grid Layout */\n        .dashboard-grid {\n            display: grid;\n            grid-template-columns: 1fr 2fr;\n            gap: 2rem;\n            align-items: start;\n        }\n\n        @media (max-width: 968px) {\n            .dashboard-grid {\n                grid-template-columns: 1fr;\n            }\n        }\n\n        /* Card elements (Glassmorphism) */\n        .glass-card {\n            background: var(--card-bg);\n            border: 1px solid var(--card-border);\n            border-radius: 16px;\n            padding: 1.75rem;\n            backdrop-filter: blur(12px);\n            -webkit-backdrop-filter: blur(12px);\n            box-shadow: 0 8px 32px 0 rgba(0, 0, 0, 0.3);\n            margin-bottom: 2rem;\n            animation: fadeInUp 0.8s ease-out;\n            transition: transform 0.3s ease, border-color 0.3s ease;\n        }\n\n        .glass-card:hover {\n            border-color: rgba(255, 255, 255, 0.15);\n        }\n\n        h2 {\n            font-family: \'Outfit\', sans-serif;\n            font-size: 1.4rem;\n            font-weight: 600;\n            margin-bottom: 1.25rem;\n            color: #ffffff;\n            display: flex;\n            align-items: center;\n            gap: 0.5rem;\n        }\n\n        .badge-read-only {\n            background: rgba(168, 85, 247, 0.15);\n            border: 1px solid rgba(168, 85, 247, 0.4);\n            color: #d8b4fe;\n            padding: 0.2rem 0.5rem;\n            border-radius: 4px;\n            font-size: 0.75rem;\n            font-weight: 600;\n            margin-left: auto;\n        }\n\n        /* Forms */\n        .form-group {\n            margin-bottom: 1.25rem;\n        }\n\n        label {\n            display: block;\n            font-size: 0.85rem;\n            font-weight: 500;\n            color: var(--text-secondary);\n            margin-bottom: 0.5rem;\n        }\n\n        input, select {\n            width: 100%;\n            background: rgba(10, 12, 22, 0.6);\n            border: 1px solid var(--card-border);\n            color: #ffffff;\n            padding: 0.75rem 1rem;\n            border-radius: 8px;\n            font-family: inherit;\n            font-size: 0.95rem;\n            transition: all 0.3s ease;\n        }\n\n        select option {\n            background: var(--bg-color);\n            color: #ffffff;\n        }\n\n        input:focus, select:focus {\n            outline: none;\n            border-color: var(--primary);\n            box-shadow: 0 0 10px var(--primary-glow);\n            background: rgba(10, 12, 22, 0.8);\n        }\n\n        /* Buttons */\n        .btn {\n            display: inline-flex;\n            align-items: center;\n            justify-content: center;\n            width: 100%;\n            padding: 0.75rem 1.25rem;\n            border-radius: 8px;\n            font-weight: 600;\n            font-size: 0.95rem;\n            cursor: pointer;\n            transition: all 0.3s cubic-bezier(0.4, 0, 0.2, 1);\n            border: none;\n            gap: 0.5rem;\n        }\n\n        .btn-primary {\n            background: linear-gradient(135deg, var(--primary), var(--secondary));\n            color: white;\n            box-shadow: 0 4px 15px var(--primary-glow);\n        }\n\n        .btn-primary:hover {\n            transform: translateY(-2px);\n            box-shadow: 0 6px 20px rgba(99, 102, 241, 0.5);\n            filter: brightness(1.1);\n        }\n\n        .btn-primary:active {\n            transform: translateY(0);\n        }\n\n        .btn-danger-outline {\n            background: transparent;\n            border: 1px solid rgba(239, 68, 68, 0.4);\n            color: var(--danger);\n            width: auto;\n            padding: 0.4rem 0.75rem;\n            font-size: 0.85rem;\n            border-radius: 6px;\n        }\n\n        .btn-danger-outline:hover {\n            background: var(--danger);\n            color: white;\n            box-shadow: 0 0 12px var(--danger-glow);\n            border-color: var(--danger);\n        }\n\n        /* Table section */\n        .search-container {\n            margin-bottom: 1.5rem;\n            position: relative;\n        }\n\n        .search-icon {\n            position: absolute;\n            left: 1rem;\n            top: 50%;\n            transform: translateY(-50%);\n            color: var(--text-secondary);\n            pointer-events: none;\n        }\n\n        .search-input {\n            padding-left: 2.75rem;\n            font-size: 1rem;\n        }\n\n        .table-responsive {\n            width: 100%;\n            overflow-x: auto;\n            border-radius: 12px;\n            border: 1px solid var(--card-border);\n            margin-bottom: 1.5rem;\n        }\n\n        table {\n            width: 100%;\n            border-collapse: collapse;\n            text-align: left;\n        }\n\n        th {\n            background: rgba(15, 17, 26, 0.8);\n            color: var(--text-secondary);\n            font-weight: 600;\n            font-size: 0.85rem;\n            text-transform: uppercase;\n            letter-spacing: 0.5px;\n            padding: 1rem 1.25rem;\n            border-bottom: 1px solid var(--card-border);\n        }\n\n        td {\n            padding: 1rem 1.25rem;\n            border-bottom: 1px solid var(--card-border);\n            font-size: 0.95rem;\n            color: var(--text-primary);\n            transition: background-color 0.2s ease;\n        }\n\n        tr:last-child td {\n            border-bottom: none;\n        }\n\n        tr {\n            transition: all 0.2s ease;\n        }\n\n        tr:hover td {\n            background: rgba(255, 255, 255, 0.02);\n            color: #ffffff;\n        }\n\n        .fob-id-badge {\n            background: rgba(99, 102, 241, 0.15);\n            border: 1px solid rgba(99, 102, 241, 0.3);\n            color: #818cf8;\n            padding: 0.25rem 0.6rem;\n            border-radius: 6px;\n            font-family: monospace;\n            font-weight: 600;\n        }\n\n        .address-badge {\n            background: rgba(245, 158, 11, 0.1);\n            border: 1px solid rgba(245, 158, 11, 0.25);\n            color: #f59e0b;\n            padding: 0.25rem 0.6rem;\n            border-radius: 6px;\n            font-weight: 500;\n        }\n\n        .owner-name {\n            font-weight: 500;\n        }\n\n        .timestamp {\n            color: var(--text-secondary);\n            font-size: 0.85rem;\n        }\n\n        .no-data {\n            text-align: center;\n            padding: 3rem;\n            color: var(--text-secondary);\n        }\n\n        /* Modal popup glass styling */\n        .modal-backdrop {\n            position: fixed;\n            top: 0;\n            left: 0;\n            width: 100vw;\n            height: 100vh;\n            background: rgba(0, 0, 0, 0.6);\n            backdrop-filter: blur(8px);\n            display: flex;\n            align-items: center;\n            justify-content: center;\n            z-index: 2000;\n            opacity: 0;\n            pointer-events: none;\n            transition: opacity 0.3s ease;\n        }\n\n        .modal-backdrop.show {\n            opacity: 1;\n            pointer-events: auto;\n        }\n\n        .modal-content {\n            background: rgba(20, 24, 38, 0.95);\n            border: 1px solid var(--card-border);\n            border-radius: 16px;\n            padding: 2rem;\n            width: 90%;\n            max-width: 500px;\n            box-shadow: 0 20px 50px rgba(0, 0, 0, 0.5);\n            transform: scale(0.9);\n            transition: transform 0.3s cubic-bezier(0.175, 0.885, 0.32, 1.275);\n            position: relative;\n        }\n\n        .modal-backdrop.show .modal-content {\n            transform: scale(1);\n        }\n\n        .modal-close {\n            position: absolute;\n            top: 1rem;\n            right: 1.2rem;\n            background: transparent;\n            border: none;\n            color: var(--text-secondary);\n            font-size: 1.6rem;\n            cursor: pointer;\n        }\n\n        .modal-close:hover {\n            color: white;\n        }\n\n        .modal-title {\n            font-family: \'Outfit\', sans-serif;\n            font-size: 1.4rem;\n            font-weight: 700;\n            margin-bottom: 0.75rem;\n            color: white;\n        }\n\n        .modal-body {\n            color: var(--text-secondary);\n            font-size: 0.95rem;\n            line-height: 1.5;\n            margin-bottom: 1.5rem;\n        }\n\n        .modal-options {\n            display: flex;\n            flex-direction: column;\n            gap: 0.75rem;\n        }\n\n        .modal-option-btn {\n            background: rgba(255, 255, 255, 0.03);\n            border: 1px solid var(--card-border);\n            color: white;\n            padding: 0.85rem 1rem;\n            border-radius: 8px;\n            cursor: pointer;\n            font-size: 0.95rem;\n            text-align: left;\n            transition: all 0.2s ease;\n            display: flex;\n            justify-content: space-between;\n            align-items: center;\n        }\n\n        .modal-option-btn:hover {\n            background: var(--primary);\n            border-color: var(--primary);\n            box-shadow: 0 0 12px var(--primary-glow);\n        }\n\n        /* Toast Notifications */\n        .toast-container {\n            position: fixed;\n            bottom: 2rem;\n            right: 2rem;\n            z-index: 1000;\n            display: flex;\n            flex-direction: column;\n            gap: 0.75rem;\n        }\n\n        .toast {\n            background: rgba(22, 28, 45, 0.9);\n            border-left: 4px solid var(--primary);\n            border-radius: 8px;\n            padding: 1rem 1.5rem;\n            color: #ffffff;\n            font-weight: 500;\n            box-shadow: 0 10px 25px rgba(0,0,0,0.5);\n            display: flex;\n            align-items: center;\n            justify-content: space-between;\n            gap: 1.5rem;\n            min-width: 320px;\n            backdrop-filter: blur(8px);\n            animation: slideInRight 0.3s cubic-bezier(0.4, 0, 0.2, 1);\n            transition: all 0.3s ease;\n        }\n\n        .toast-success {\n            border-left-color: var(--success);\n            box-shadow: 0 10px 25px rgba(16, 185, 129, 0.15);\n        }\n\n        .toast-danger {\n            border-left-color: var(--danger);\n            box-shadow: 0 10px 25px rgba(239, 68, 68, 0.15);\n        }\n\n        .toast-warning {\n            border-left-color: var(--warning);\n        }\n\n        .toast-close {\n            background: transparent;\n            border: none;\n            color: var(--text-secondary);\n            cursor: pointer;\n            font-size: 1.2rem;\n            line-height: 1;\n        }\n\n        .toast-close:hover {\n            color: white;\n        }\n\n        /* Animations */\n        @keyframes fadeInDown {\n            from {\n                opacity: 0;\n                transform: translateY(-20px);\n            }\n            to {\n                opacity: 1;\n                transform: translateY(0);\n            }\n        }\n\n        @keyframes fadeInUp {\n            from {\n                opacity: 0;\n                transform: translateY(20px);\n            }\n            to {\n                opacity: 1;\n                transform: translateY(0);\n            }\n        }\n\n        @keyframes slideInRight {\n            from {\n                opacity: 0;\n                transform: translateX(100px);\n            }\n            to {\n                opacity: 1;\n                transform: translateX(0);\n            }\n        }\n\n        @keyframes pulse {\n            0% {\n                transform: scale(1);\n                opacity: 1;\n            }\n            50% {\n                transform: scale(1.4);\n                opacity: 0;\n            }\n            100% {\n                transform: scale(1);\n                opacity: 0;\n            }\n        }\n    </style>\n</head>\n<body>\n    <div class="container">\n        <header>\n            <div class="logo-area">\n                <div class="logo-dot"></div>\n                <h1>BeSeen Door Controller</h1>\n            </div>\n            <div style="display: flex; align-items: center; gap: 1.5rem;">\n                <div class="status-badge">\n                    <div class="status-dot"></div>\n                    <span>Database Connected</span>\n                </div>\n                <div class="user-badge">\n                    <span style="font-size: 0.9rem; font-weight: 600; color: var(--text-primary);">operator1</span>\n                    <span class="user-role">operator</span>\n                    <form action="/logout" method="POST" style="display: inline; margin-left: 0.5rem;">\n                        <button type="submit" class="logout-btn">Logout</button>\n                    </form>\n                </div>\n            </div>\n        </header>\n\n        <div class="dashboard-grid">\n            <!-- Left Panel: Action Forms & Neighborhood Fact Info -->\n            <div class="forms-panel">\n                <!-- Add Fob Card -->\n                <div class="glass-card">\n                    <h2>\n                        <svg width="20" height="20" fill="none" stroke="currentColor" viewBox="0 0 24 24" xmlns="http://www.w3.org/2000/svg">\n                            <path stroke-linecap="round" stroke-linejoin="round" stroke-width="2" d="M12 9v3m0 0v3m0-3h3m-3 0H9m12 0a9 9 0 11-18 0 9 9 0 0118 0z"></path>\n                        </svg>\n                        Assign Key Fob\n                    </h2>\n                    <form id="assignFobForm" action="/fob/add" method="POST" onsubmit="return handleAssignSubmit(event)">\n                        <input type="hidden" id="replaced_fob_id" name="replaced_fob_id" value="">\n                        \n                        <div class="form-group">\n                            <label for="add_fob_id">Fob ID (Integer)</label>\n                            <input type="number" id="add_fob_id" name="fob_id" required placeholder="e.g. 5012">\n                        </div>\n                        <div class="form-group">\n                            <label for="add_property_id">Property Address (Assignee)</label>\n                            <select id="add_property_id" name="property_id" required>\n                                <option value="" disabled selected>Select an Address...</option>\n                                \n                            </select>\n                        </div>\n                        <button type="submit" class="btn btn-primary">Assign Fob</button>\n                    </form>\n                </div>\n\n                <!-- Update Property Owner Card -->\n                <div class="glass-card">\n                    <h2>\n                        <svg width="20" height="20" fill="none" stroke="currentColor" viewBox="0 0 24 24" xmlns="http://www.w3.org/2000/svg">\n                            <path stroke-linecap="round" stroke-linejoin="round" stroke-width="2" d="M11 5H6a2 2 0 00-2 2v11a2 2 0 002 2h11a2 2 0 002-2v-5m-1.414-9.414a2 2 0 112.828 2.828L11.828 15H9v-2.828l8.586-8.586z"></path>\n                        </svg>\n                        Update Property Owner\n                    </h2>\n                    <form action="/property/update_owner" method="POST">\n                        <div class="form-group">\n                            <label for="update_property_id">Select Address</label>\n                            <select id="update_property_id" name="property_id" required>\n                                <option value="" disabled selected>Select Address to Update...</option>\n                                \n                            </select>\n                        </div>\n                        <div class="form-group">\n                            <label for="update_owner_name">New Owner Name</label>\n                            <input type="text" id="update_owner_name" name="owner_name" required placeholder="e.g. John Doe Jr.">\n                        </div>\n                        <button type="submit" class="btn btn-primary">Update Ownership</button>\n                    </form>\n                </div>\n\n                <!-- Role Access Control Card (Admin Only) -->\n                \n\n                <!-- Fixed Fact Table Properties Card -->\n                <div class="glass-card">\n                    <h2>\n                        <svg width="20" height="20" fill="none" stroke="currentColor" viewBox="0 0 24 24" xmlns="http://www.w3.org/2000/svg">\n                            <path stroke-linecap="round" stroke-linejoin="round" stroke-width="2" d="M19 21V5a2 2 0 00-2-2H7a2 2 0 00-2 2v16m14 0h2m-2 0h-5m-9 0H3m2 0h5M9 7h1m-1 4h1m4-4h1m-1 4h1m-5 10v-5a1 1 0 011-1h2a1 1 0 011 1v5m-4 0h4"></path>\n                        </svg>\n                        Neighborhood\n                        <span class="badge-read-only">Properties Fact Table</span>\n                    </h2>\n                    <div class="table-responsive">\n                        <table>\n                            <thead>\n                                <tr>\n                                    <th>Address</th>\n                                    <th>Current Owner</th>\n                                </tr>\n                            </thead>\n                            <tbody>\n                                \n                            </tbody>\n                        </table>\n                    </div>\n                </div>\n            </div>\n\n            <!-- Right Panel: Database Fobs List & Logs -->\n            <div class="list-panel">\n                <!-- Key Fobs Registry -->\n                <div class="glass-card">\n                    <h2>\n                        <svg width="20" height="20" fill="none" stroke="currentColor" viewBox="0 0 24 24" xmlns="http://www.w3.org/2000/svg">\n                            <path stroke-linecap="round" stroke-linejoin="round" stroke-width="2" d="M4 6h16M4 10h16M4 14h16M4 18h16"></path>\n                        </svg>\n                        Key Fobs Registry\n                    </h2>\n                    \n                    <div class="search-container">\n                        <svg class="search-icon" width="20" height="20" fill="none" stroke="currentColor" viewBox="0 0 24 24" xmlns="http://www.w3.org/2000/svg">\n                            <path stroke-linecap="round" stroke-linejoin="round" stroke-width="2" d="M21 21l-6-6m2-5a7 7 0 11-14 0 7 7 0 0114 0z"></path>\n                        </svg>\n                        <input type="text" class="search-input" id="searchBox" placeholder="Search by Fob ID, Address, or Owner..." onkeyup="filterFobs()">\n                    </div>\n\n                    <div class="table-responsive">\n                        <table id="fobTable">\n                            <thead>\n                                <tr>\n                                    <th>Fob ID</th>\n                                    <th>Assigned Address</th>\n                                    <th>Inherited Owner</th>\n                                    <th style="text-align: right;">Actions</th>\n                                </tr>\n                            </thead>\n                            <tbody>\n                                \n                                    <tr>\n                                        <td colspan="4" class="no-data">No key fobs registered in the system.</td>\n                                    </tr>\n                                \n                            </tbody>\n                        </table>\n                    </div>\n                </div>\n\n                <!-- Fob Replacement Logs (Metadata History) Card -->\n                <div class="glass-card">\n                    <h2>\n                        <svg width="20" height="20" fill="none" stroke="currentColor" viewBox="0 0 24 24" xmlns="http://www.w3.org/2000/svg">\n                            <path stroke-linecap="round" stroke-linejoin="round" stroke-width="2" d="M12 8v4l3 3m6-3a9 9 0 11-18 0 9 9 0 0118 0z"></path>\n                        </svg>\n                        Fob Replacement Logs (Metadata History)\n                    </h2>\n                    <div class="table-responsive">\n                        <table>\n                            <thead>\n                                <tr>\n                                    <th>Log ID</th>\n                                    <th>Property Address</th>\n                                    <th>Replaced Fob ID</th>\n                                    <th>New Fob ID</th>\n                                    <th>Timestamp</th>\n                                </tr>\n                            </thead>\n                            <tbody>\n                                \n                                    <tr>\n                                        <td colspan="5" class="no-data">No replacement logs recorded.</td>\n                                    </tr>\n                                \n                            </tbody>\n                        </table>\n                    </div>\n                </div>\n\n                <!-- User Audit Logs Card -->\n                <div class="glass-card">\n                    <h2>\n                        <svg width="20" height="20" fill="none" stroke="currentColor" viewBox="0 0 24 24" xmlns="http://www.w3.org/2000/svg">\n                            <path stroke-linecap="round" stroke-linejoin="round" stroke-width="2" d="M9 12h6m-6 4h6m2 5H7a2 2 0 01-2-2V5a2 2 0 012-2h5.586a1 1 0 01.707.293l5.414 5.414a1 1 0 01.293.707V19a2 2 0 01-2 2z"></path>\n                        </svg>\n                        User Action Audit Logs\n                    </h2>\n                    <div class="table-responsive">\n                        <table>\n                            <thead>\n                                <tr>\n                                    <th>User</th>\n                                    <th>Action</th>\n                                    <th>Details</th>\n                                    <th>Timestamp</th>\n                                </tr>\n                            </thead>\n                            <tbody>\n                                \n                                    <tr>\n                                        <td colspan="4" class="no-data">No action history recorded yet.</td>\n                                    </tr>\n                                \n                            </tbody>\n                        </table>\n                    </div>\n                </div>\n\n            </div>\n        </div>\n    </div>\n\n    <!-- Replacement Modal -->\n    <div id="replacementModalBackdrop" class="modal-backdrop">\n        <div class="modal-content">\n            <button class="modal-close" onclick="closeModal()">&times;</button>\n            <div id="modalTitle" class="modal-title">Fob Replacement Prompt</div>\n            <div id="modalMessage" class="modal-body">\n                This address already has registered fobs. Select which fob will be replaced:\n            </div>\n            <div id="modalOptions" class="modal-options">\n                <!-- Javascript will render options here -->\n            </div>\n        </div>\n    </div>\n\n    <!-- Toast Notifications Container -->\n    <div class="toast-container">\n        \n            \n        \n    </div>\n\n    <!-- UI Scripts -->\n    <script>\n        // Inline raw JS data object of current fobs\n        const fobsData = [\n            \n        ];\n\n        // Automatic fade out for toast messages\n        document.addEventListener(\'DOMContentLoaded\', () => {\n            const toasts = document.querySelectorAll(\'.toast\');\n            toasts.forEach(toast => {\n                setTimeout(() => {\n                    toast.style.opacity = \'0\';\n                    toast.style.transform = \'translateX(100px)\';\n                    setTimeout(() => toast.remove(), 300);\n                }, 4000);\n            });\n        });\n\n        // Intercept Fob Assignment form submission\n        function handleAssignSubmit(event) {\n            const propertySelect = document.getElementById(\'add_property_id\');\n            const selectedPropId = parseInt(propertySelect.value);\n            const fobInput = document.getElementById(\'add_fob_id\');\n            const newFobId = parseInt(fobInput.value);\n\n            if (isNaN(selectedPropId) || isNaN(newFobId)) {\n                return true; // Let standard validation handle it\n            }\n\n            // Get fobs currently assigned to this property\n            const matchingFobs = fobsData.filter(f => f.property_id === selectedPropId);\n\n            if (matchingFobs.length > 0) {\n                // Intercept the form submission to open the replacement prompt\n                event.preventDefault();\n                showReplacementModal(selectedPropId, newFobId, matchingFobs);\n                return false;\n            }\n            return true;\n        }\n\n        // Open replacement modal\n        function showReplacementModal(propertyId, newFobId, matchingFobs) {\n            const backdrop = document.getElementById(\'replacementModalBackdrop\');\n            const title = document.getElementById(\'modalTitle\');\n            const message = document.getElementById(\'modalMessage\');\n            const optionsContainer = document.getElementById(\'modalOptions\');\n            \n            // Clear options\n            optionsContainer.innerHTML = \'\';\n            \n            title.textContent = `Assigning Fob ${newFobId}`;\n            \n            // If address has reached maximum of 2 fobs, force replacement\n            if (matchingFobs.length >= 2) {\n                message.textContent = `This address has reached the maximum of 2 fobs. Choose which existing fob to replace (the chosen fob will be deleted):`;\n            } else {\n                message.textContent = `This address has 1 existing fob. You can choose to replace it or add this new fob directly:`;\n                \n                // Add "Add directly without replacing" option\n                const directBtn = document.createElement(\'button\');\n                directBtn.type = \'button\';\n                directBtn.className = \'modal-option-btn\';\n                directBtn.style.borderLeft = "4px solid var(--success)";\n                directBtn.innerHTML = `<span>Add directly (No replacement)</span> <strong style="color:var(--success);">&rarr;</strong>`;\n                directBtn.onclick = () => {\n                    document.getElementById(\'replaced_fob_id\').value = \'\';\n                    document.getElementById(\'assignFobForm\').submit();\n                };\n                optionsContainer.appendChild(directBtn);\n            }\n            \n            // Add options for replacing each existing fob ID\n            matchingFobs.forEach(fob => {\n                const btn = document.createElement(\'button\');\n                btn.type = \'button\';\n                btn.className = \'modal-option-btn\';\n                btn.style.borderLeft = "4px solid var(--danger)";\n                btn.innerHTML = `<span>Replace Fob <strong style="color:var(--secondary); font-family:monospace;">${fob.fob_id}</strong></span> <strong style="color:var(--danger);">&times;</strong>`;\n                btn.onclick = () => {\n                    document.getElementById(\'replaced_fob_id\').value = fob.fob_id;\n                    document.getElementById(\'assignFobForm\').submit();\n                };\n                optionsContainer.appendChild(btn);\n            });\n            \n            backdrop.classList.add(\'show\');\n        }\n\n        // Close modal\n        function closeModal() {\n            document.getElementById(\'replacementModalBackdrop\').classList.remove(\'show\');\n        }\n\n        // Search Filter Logic\n        function filterFobs() {\n            const searchInput = document.getElementById(\'searchBox\').value.toLowerCase();\n            const table = document.getElementById(\'fobTable\');\n            const trs = table.getElementsByTagName(\'tbody\')[0].getElementsByTagName(\'tr\');\n            \n            for (let i = 0; i < trs.length; i++) {\n                const tr = trs[i];\n                if (tr.getElementsByClassName(\'no-data\').length > 0) continue;\n                \n                const fobBadge = tr.getElementsByClassName(\'fob-id-badge\')[0];\n                const addressBadge = tr.getElementsByClassName(\'address-badge\')[0];\n                const ownerName = tr.getElementsByClassName(\'owner-name\')[0];\n                \n                const fobIdText = fobBadge ? fobBadge.textContent || fobBadge.innerText : \'\';\n                const addressText = addressBadge ? addressBadge.textContent || addressBadge.innerText : \'\';\n                const ownerText = ownerName ? ownerName.textContent || ownerName.innerText : \'\';\n                \n                if (fobIdText.toLowerCase().indexOf(searchInput) > -1 || \n                    addressText.toLowerCase().indexOf(searchInput) > -1 ||\n                    ownerText.toLowerCase().indexOf(searchInput) > -1) {\n                    tr.style.display = "";\n                } else {\n                    tr.style.display = "none";\n                }\n            }\n        }\n    </script>\n</body>\n</html>'

----------------------------------------------------------------------
Ran 15 tests in 0.041s

FAILED (failures=1)
